Removed Pin From Net: NetName=GND Pin=E1-2
Change Component Designator: OldDesignator=+3V3 NewDesignator=TP2
Change Component Designator: OldDesignator=+5V_USB NewDesignator=TP3
Change Component Designator: OldDesignator=eeprom_data NewDesignator=TP5
Change Component Designator: OldDesignator=sensor_data NewDesignator=TP4
Change Component Description : Designator=BT1 Old Description=Battery Holder, THM, 2 Cell, Cell Size AAA, Plastic New Description=Battery Holder, THM, 2 Cell, Cell Size AAA, Plastic | Keystone Electronics 2468
Added Component: Designator=C8(CAPC2013X95X50LL10T25)
Add component (AddParameter): Name = "Capacitor Type"; Value = "Ceramic"; VariantName = "[No Variations]"
Add component (AddParameter): Name = "Case/Package"; Value = "0805"; VariantName = "[No Variations]"
Add component (AddParameter): Name = "Max Operating Temperature"; Value = "125°C"; VariantName = "[No Variations]"
Add component (AddParameter): Name = "Min Operating Temperature"; Value = "-55°C"; VariantName = "[No Variations]"
Add component (AddParameter): Name = "Mounting Technology"; Value = "SM"; VariantName = "[No Variations]"
Add component (AddParameter): Name = "Pins"; Value = "2"; VariantName = "[No Variations]"
Add component (AddParameter): Name = "Ripple Current"; Value = ""; VariantName = "[No Variations]"
Add component (AddParameter): Name = "Ripple Current (AC)"; Value = ""; VariantName = "[No Variations]"
Add component (AddParameter): Name = "RoHS Compliant"; Value = "True"; VariantName = "[No Variations]"
Add component (AddParameter): Name = "Tolerance"; Value = "10%"; VariantName = "[No Variations]"
Add component (AddParameter): Name = "Value"; Value = "100nF 10V"; VariantName = "[No Variations]"
Add component (AddParameter): Name = "Voltage Rating"; Value = "50V"; VariantName = "[No Variations]"
Added Pin To Net: NetName=GND Pin=C8-1
Added Pin To Net: NetName=+3V3 Pin=C8-2
Added Member To Class: ClassName=Aq1B_Guppy Member=Component C8 Capacitor 100 nF +/-10% 50 V 0805
